// Jest Snapshot v1, https://goo.gl/fbAQLP

exports[`Avatar Details Container Renders a single Avatar character to the screen 1`] = `
<h3>
  Bolin
</h3>
`;
